// Jest Snapshot v1, https://goo.gl/fbAQLP

exports[`should test the App Component should render the component 1`] = `
<Component>
  <CssBaseline />
  <BrowserRouter>
    <Header />
  </BrowserRouter>
</Component>
`;
