// Jest Snapshot v1, https://goo.gl/fbAQLP

exports[`should test the CarDetail Component should render the component 1`] = `
<div>
  <div
    className="makeStyles-image-2"
  >
    <ForwardRef(CardMedia)
      className="makeStyles-image-2"
      image="https://auto1-js-task-api--mufasa71.repl.co/images/car.svg"
    />
  </div>
  <ForwardRef(Container)
    className="makeStyles-container-1"
    maxWidth="md"
  >
    <ForwardRef(Grid)
      container={true}
      spacing={4}
    >
      <ForwardRef(Grid)
        item={true}
        md={8}
        sm={12}
        xs={12}
      >
        <ForwardRef(Typography)
          component="h1"
          fontWeight={700}
          variant="h4"
        >
          Porsche
           
          718 Cayman
        </ForwardRef(Typography)>
        <ForwardRef(Typography)
          component="h2"
          style={
            Object {
              "margin": "24px 0",
              "textTransform": "capitalize",
            }
          }
          variant="h6"
        >
          Stock #
           
          97074
           
          -
           
          100,056
           
          KM
           
          -
           
          Diesel
           
          -
          black
        </ForwardRef(Typography)>
        <ForwardRef(Typography)>
          This car is currently available and can be delivered as soon as tomorrow morning. Please be aware that delivery times shown in this page are not definitive and may change due to bad weather conditions.
        </ForwardRef(Typography)>
      </ForwardRef(Grid)>
      <ForwardRef(Grid)
        item={true}
        md={4}
        sm={12}
        xs={12}
      >
        <ForwardRef(Paper)
          className="makeStyles-favoriteContainer-3"
          square={true}
          variant="outlined"
        >
          <ForwardRef(Typography)
            align="left"
            gutterBottom={true}
          >
            If you like this car, click the button and save it in your collection of favorite items.
          </ForwardRef(Typography)>
          <ForwardRef(Button)
            className="makeStyles-favoriteButton-4"
            color="primary"
            fullWidth={false}
            id="favoriteButton"
            onClick={[Function]}
            size="medium"
            variant="contained"
          >
            Save
          </ForwardRef(Button)>
        </ForwardRef(Paper)>
      </ForwardRef(Grid)>
    </ForwardRef(Grid)>
  </ForwardRef(Container)>
</div>
`;
